Archive member included to satisfy reference by file (symbol)

/home/sgoyette/Projects/rosco_m68k/code/software/libs/build/lib/librosco_m68k.a(init.o)
                              (START)
/home/sgoyette/Projects/rosco_m68k/code/software/libs/build/lib/librosco_m68k.a(kinit.o)
                              /home/sgoyette/Projects/rosco_m68k/code/software/libs/build/lib/librosco_m68k.a(init.o) (__kinit)
/home/sgoyette/Projects/rosco_m68k/code/software/libs/build/lib/librosco_m68k.a(printf.o)
                              kmain.o (printf_)
/home/sgoyette/Projects/rosco_m68k/code/software/libs/build/lib/librosco_m68k.a(putchar.o)
                              /home/sgoyette/Projects/rosco_m68k/code/software/libs/build/lib/librosco_m68k.a(printf.o) (_putchar)
/home/sgoyette/Projects/rosco_m68k/code/software/libs/build/lib/librosco_m68k.a(machine.o)
                              /home/sgoyette/Projects/rosco_m68k/code/software/libs/build/lib/librosco_m68k.a(putchar.o) (mcPrint)
/home/linuxbrew/.linuxbrew/Cellar/gcc-cross-m68k@11/11.2.0/lib/gcc/m68k-elf/11.2.0/m68000//libgcc.a(_udivsi3.o)
                              /home/sgoyette/Projects/rosco_m68k/code/software/libs/build/lib/librosco_m68k.a(printf.o) (__udivsi3)
/home/linuxbrew/.linuxbrew/Cellar/gcc-cross-m68k@11/11.2.0/lib/gcc/m68k-elf/11.2.0/m68000//libgcc.a(_divsi3.o)
                              /home/sgoyette/Projects/rosco_m68k/code/software/libs/build/lib/librosco_m68k.a(printf.o) (__divsi3)
/home/linuxbrew/.linuxbrew/Cellar/gcc-cross-m68k@11/11.2.0/lib/gcc/m68k-elf/11.2.0/m68000//libgcc.a(_umodsi3.o)
                              /home/sgoyette/Projects/rosco_m68k/code/software/libs/build/lib/librosco_m68k.a(printf.o) (__umodsi3)
/home/linuxbrew/.linuxbrew/Cellar/gcc-cross-m68k@11/11.2.0/lib/gcc/m68k-elf/11.2.0/m68000//libgcc.a(_modsi3.o)
                              /home/sgoyette/Projects/rosco_m68k/code/software/libs/build/lib/librosco_m68k.a(printf.o) (__modsi3)
/home/linuxbrew/.linuxbrew/Cellar/gcc-cross-m68k@11/11.2.0/lib/gcc/m68k-elf/11.2.0/m68000//libgcc.a(_double.o)
                              /home/sgoyette/Projects/rosco_m68k/code/software/libs/build/lib/librosco_m68k.a(printf.o) (__subdf3)
/home/linuxbrew/.linuxbrew/Cellar/gcc-cross-m68k@11/11.2.0/lib/gcc/m68k-elf/11.2.0/m68000//libgcc.a(_floatex.o)
                              /home/linuxbrew/.linuxbrew/Cellar/gcc-cross-m68k@11/11.2.0/lib/gcc/m68k-elf/11.2.0/m68000//libgcc.a(_double.o) (_fpCCR)
/home/linuxbrew/.linuxbrew/Cellar/gcc-cross-m68k@11/11.2.0/lib/gcc/m68k-elf/11.2.0/m68000//libgcc.a(_nedf2.o)
                              /home/sgoyette/Projects/rosco_m68k/code/software/libs/build/lib/librosco_m68k.a(printf.o) (__nedf2)
/home/linuxbrew/.linuxbrew/Cellar/gcc-cross-m68k@11/11.2.0/lib/gcc/m68k-elf/11.2.0/m68000//libgcc.a(_gtdf2.o)
                              /home/sgoyette/Projects/rosco_m68k/code/software/libs/build/lib/librosco_m68k.a(printf.o) (__gtdf2)
/home/linuxbrew/.linuxbrew/Cellar/gcc-cross-m68k@11/11.2.0/lib/gcc/m68k-elf/11.2.0/m68000//libgcc.a(_ltdf2.o)
                              /home/sgoyette/Projects/rosco_m68k/code/software/libs/build/lib/librosco_m68k.a(printf.o) (__ltdf2)
/home/linuxbrew/.linuxbrew/Cellar/gcc-cross-m68k@11/11.2.0/lib/gcc/m68k-elf/11.2.0/m68000//libgcc.a(_ledf2.o)
                              /home/sgoyette/Projects/rosco_m68k/code/software/libs/build/lib/librosco_m68k.a(printf.o) (__ledf2)
/home/linuxbrew/.linuxbrew/Cellar/gcc-cross-m68k@11/11.2.0/lib/gcc/m68k-elf/11.2.0/m68000//libgcc.a(_fixunsdfsi.o)
                              /home/sgoyette/Projects/rosco_m68k/code/software/libs/build/lib/librosco_m68k.a(printf.o) (__fixunsdfsi)
/home/linuxbrew/.linuxbrew/Cellar/gcc-cross-m68k@11/11.2.0/lib/gcc/m68k-elf/11.2.0/m68000//libgcc.a(fpgnulib.o)
                              /home/sgoyette/Projects/rosco_m68k/code/software/libs/build/lib/librosco_m68k.a(printf.o) (__floatunsidf)
/home/linuxbrew/.linuxbrew/Cellar/gcc-cross-m68k@11/11.2.0/lib/gcc/m68k-elf/11.2.0/m68000//libgcc.a(_mulsi3.o)
                              /home/linuxbrew/.linuxbrew/Cellar/gcc-cross-m68k@11/11.2.0/lib/gcc/m68k-elf/11.2.0/m68000//libgcc.a(_umodsi3.o) (__mulsi3)
/home/linuxbrew/.linuxbrew/Cellar/gcc-cross-m68k@11/11.2.0/lib/gcc/m68k-elf/11.2.0/m68000//libgcc.a(_gedf2.o)
                              /home/linuxbrew/.linuxbrew/Cellar/gcc-cross-m68k@11/11.2.0/lib/gcc/m68k-elf/11.2.0/m68000//libgcc.a(_fixunsdfsi.o) (__gedf2)

Discarded input sections

 .text          0x0000000000000000        0x0 kmain.o
 .data          0x0000000000000000        0x0 kmain.o
 .bss           0x0000000000000000        0x0 kmain.o
 .text          0x0000000000000000        0x0 /home/sgoyette/Projects/rosco_m68k/code/software/libs/build/lib/librosco_m68k.a(kinit.o)
 .data          0x0000000000000000        0x0 /home/sgoyette/Projects/rosco_m68k/code/software/libs/build/lib/librosco_m68k.a(kinit.o)
 .bss           0x0000000000000000        0x0 /home/sgoyette/Projects/rosco_m68k/code/software/libs/build/lib/librosco_m68k.a(kinit.o)
 .text.__cxa_atexit
                0x0000000000000000       0x4c /home/sgoyette/Projects/rosco_m68k/code/software/libs/build/lib/librosco_m68k.a(kinit.o)
 .bss.__dso_handle
                0x0000000000000000        0x4 /home/sgoyette/Projects/rosco_m68k/code/software/libs/build/lib/librosco_m68k.a(kinit.o)
 .text          0x0000000000000000        0x0 /home/sgoyette/Projects/rosco_m68k/code/software/libs/build/lib/librosco_m68k.a(printf.o)
 .data          0x0000000000000000        0x0 /home/sgoyette/Projects/rosco_m68k/code/software/libs/build/lib/librosco_m68k.a(printf.o)
 .bss           0x0000000000000000        0x0 /home/sgoyette/Projects/rosco_m68k/code/software/libs/build/lib/librosco_m68k.a(printf.o)
 .text._out_fct
                0x0000000000000000       0x20 /home/sgoyette/Projects/rosco_m68k/code/software/libs/build/lib/librosco_m68k.a(printf.o)
 .text.snprintf_
                0x0000000000000000       0x28 /home/sgoyette/Projects/rosco_m68k/code/software/libs/build/lib/librosco_m68k.a(printf.o)
 .text.vprintf_
                0x0000000000000000       0x28 /home/sgoyette/Projects/rosco_m68k/code/software/libs/build/lib/librosco_m68k.a(printf.o)
 .text.vsnprintf_
                0x0000000000000000       0x22 /home/sgoyette/Projects/rosco_m68k/code/software/libs/build/lib/librosco_m68k.a(printf.o)
 .text.fctprintf
                0x0000000000000000       0x34 /home/sgoyette/Projects/rosco_m68k/code/software/libs/build/lib/librosco_m68k.a(printf.o)
 .text          0x0000000000000000        0x0 /home/sgoyette/Projects/rosco_m68k/code/software/libs/build/lib/librosco_m68k.a(putchar.o)
 .data          0x0000000000000000        0x0 /home/sgoyette/Projects/rosco_m68k/code/software/libs/build/lib/librosco_m68k.a(putchar.o)
 .bss           0x0000000000000000        0x0 /home/sgoyette/Projects/rosco_m68k/code/software/libs/build/lib/librosco_m68k.a(putchar.o)
 .text.mcPrintln
                0x0000000000000000       0x12 /home/sgoyette/Projects/rosco_m68k/code/software/libs/build/lib/librosco_m68k.a(machine.o)
 .text.mcPrintchar
                0x0000000000000000       0x12 /home/sgoyette/Projects/rosco_m68k/code/software/libs/build/lib/librosco_m68k.a(machine.o)
 .text.mcSetcursor
                0x0000000000000000        0xe /home/sgoyette/Projects/rosco_m68k/code/software/libs/build/lib/librosco_m68k.a(machine.o)
 .text.mcSendchar
                0x0000000000000000       0x12 /home/sgoyette/Projects/rosco_m68k/code/software/libs/build/lib/librosco_m68k.a(machine.o)
 .text.mcReadchar
                0x0000000000000000        0xa /home/sgoyette/Projects/rosco_m68k/code/software/libs/build/lib/librosco_m68k.a(machine.o)
 .text.mcCheckchar
                0x0000000000000000        0xe /home/sgoyette/Projects/rosco_m68k/code/software/libs/build/lib/librosco_m68k.a(machine.o)
 .text.mcBusywait
                0x0000000000000000        0xc /home/sgoyette/Projects/rosco_m68k/code/software/libs/build/lib/librosco_m68k.a(machine.o)
 .text.mcDelaymsec10
                0x0000000000000000       0x10 /home/sgoyette/Projects/rosco_m68k/code/software/libs/build/lib/librosco_m68k.a(machine.o)
 .text.mcDisableInterrupts
                0x0000000000000000        0xe /home/sgoyette/Projects/rosco_m68k/code/software/libs/build/lib/librosco_m68k.a(machine.o)
 .text.mcEnableInterrupts
                0x0000000000000000       0x1e /home/sgoyette/Projects/rosco_m68k/code/software/libs/build/lib/librosco_m68k.a(machine.o)
 .text.mcHalt   0x0000000000000000        0x6 /home/sgoyette/Projects/rosco_m68k/code/software/libs/build/lib/librosco_m68k.a(machine.o)
 .data          0x0000000000000000        0x0 /home/linuxbrew/.linuxbrew/Cellar/gcc-cross-m68k@11/11.2.0/lib/gcc/m68k-elf/11.2.0/m68000//libgcc.a(_udivsi3.o)
 .bss           0x0000000000000000        0x0 /home/linuxbrew/.linuxbrew/Cellar/gcc-cross-m68k@11/11.2.0/lib/gcc/m68k-elf/11.2.0/m68000//libgcc.a(_udivsi3.o)
 .data          0x0000000000000000        0x0 /home/linuxbrew/.linuxbrew/Cellar/gcc-cross-m68k@11/11.2.0/lib/gcc/m68k-elf/11.2.0/m68000//libgcc.a(_divsi3.o)
 .bss           0x0000000000000000        0x0 /home/linuxbrew/.linuxbrew/Cellar/gcc-cross-m68k@11/11.2.0/lib/gcc/m68k-elf/11.2.0/m68000//libgcc.a(_divsi3.o)
 .data          0x0000000000000000        0x0 /home/linuxbrew/.linuxbrew/Cellar/gcc-cross-m68k@11/11.2.0/lib/gcc/m68k-elf/11.2.0/m68000//libgcc.a(_umodsi3.o)
 .bss           0x0000000000000000        0x0 /home/linuxbrew/.linuxbrew/Cellar/gcc-cross-m68k@11/11.2.0/lib/gcc/m68k-elf/11.2.0/m68000//libgcc.a(_umodsi3.o)
 .data          0x0000000000000000        0x0 /home/linuxbrew/.linuxbrew/Cellar/gcc-cross-m68k@11/11.2.0/lib/gcc/m68k-elf/11.2.0/m68000//libgcc.a(_modsi3.o)
 .bss           0x0000000000000000        0x0 /home/linuxbrew/.linuxbrew/Cellar/gcc-cross-m68k@11/11.2.0/lib/gcc/m68k-elf/11.2.0/m68000//libgcc.a(_modsi3.o)
 .data          0x0000000000000000        0x0 /home/linuxbrew/.linuxbrew/Cellar/gcc-cross-m68k@11/11.2.0/lib/gcc/m68k-elf/11.2.0/m68000//libgcc.a(_double.o)
 .bss           0x0000000000000000        0x0 /home/linuxbrew/.linuxbrew/Cellar/gcc-cross-m68k@11/11.2.0/lib/gcc/m68k-elf/11.2.0/m68000//libgcc.a(_double.o)
 .bss           0x0000000000000000        0x0 /home/linuxbrew/.linuxbrew/Cellar/gcc-cross-m68k@11/11.2.0/lib/gcc/m68k-elf/11.2.0/m68000//libgcc.a(_floatex.o)
 .data          0x0000000000000000        0x0 /home/linuxbrew/.linuxbrew/Cellar/gcc-cross-m68k@11/11.2.0/lib/gcc/m68k-elf/11.2.0/m68000//libgcc.a(_nedf2.o)
 .bss           0x0000000000000000        0x0 /home/linuxbrew/.linuxbrew/Cellar/gcc-cross-m68k@11/11.2.0/lib/gcc/m68k-elf/11.2.0/m68000//libgcc.a(_nedf2.o)
 .data          0x0000000000000000        0x0 /home/linuxbrew/.linuxbrew/Cellar/gcc-cross-m68k@11/11.2.0/lib/gcc/m68k-elf/11.2.0/m68000//libgcc.a(_gtdf2.o)
 .bss           0x0000000000000000        0x0 /home/linuxbrew/.linuxbrew/Cellar/gcc-cross-m68k@11/11.2.0/lib/gcc/m68k-elf/11.2.0/m68000//libgcc.a(_gtdf2.o)
 .data          0x0000000000000000        0x0 /home/linuxbrew/.linuxbrew/Cellar/gcc-cross-m68k@11/11.2.0/lib/gcc/m68k-elf/11.2.0/m68000//libgcc.a(_ltdf2.o)
 .bss           0x0000000000000000        0x0 /home/linuxbrew/.linuxbrew/Cellar/gcc-cross-m68k@11/11.2.0/lib/gcc/m68k-elf/11.2.0/m68000//libgcc.a(_ltdf2.o)
 .data          0x0000000000000000        0x0 /home/linuxbrew/.linuxbrew/Cellar/gcc-cross-m68k@11/11.2.0/lib/gcc/m68k-elf/11.2.0/m68000//libgcc.a(_ledf2.o)
 .bss           0x0000000000000000        0x0 /home/linuxbrew/.linuxbrew/Cellar/gcc-cross-m68k@11/11.2.0/lib/gcc/m68k-elf/11.2.0/m68000//libgcc.a(_ledf2.o)
 .data          0x0000000000000000        0x0 /home/linuxbrew/.linuxbrew/Cellar/gcc-cross-m68k@11/11.2.0/lib/gcc/m68k-elf/11.2.0/m68000//libgcc.a(_fixunsdfsi.o)
 .bss           0x0000000000000000        0x0 /home/linuxbrew/.linuxbrew/Cellar/gcc-cross-m68k@11/11.2.0/lib/gcc/m68k-elf/11.2.0/m68000//libgcc.a(_fixunsdfsi.o)
 .data          0x0000000000000000        0x0 /home/linuxbrew/.linuxbrew/Cellar/gcc-cross-m68k@11/11.2.0/lib/gcc/m68k-elf/11.2.0/m68000//libgcc.a(fpgnulib.o)
 .bss           0x0000000000000000        0x0 /home/linuxbrew/.linuxbrew/Cellar/gcc-cross-m68k@11/11.2.0/lib/gcc/m68k-elf/11.2.0/m68000//libgcc.a(fpgnulib.o)
 .data          0x0000000000000000        0x0 /home/linuxbrew/.linuxbrew/Cellar/gcc-cross-m68k@11/11.2.0/lib/gcc/m68k-elf/11.2.0/m68000//libgcc.a(_mulsi3.o)
 .bss           0x0000000000000000        0x0 /home/linuxbrew/.linuxbrew/Cellar/gcc-cross-m68k@11/11.2.0/lib/gcc/m68k-elf/11.2.0/m68000//libgcc.a(_mulsi3.o)
 .data          0x0000000000000000        0x0 /home/linuxbrew/.linuxbrew/Cellar/gcc-cross-m68k@11/11.2.0/lib/gcc/m68k-elf/11.2.0/m68000//libgcc.a(_gedf2.o)
 .bss           0x0000000000000000        0x0 /home/linuxbrew/.linuxbrew/Cellar/gcc-cross-m68k@11/11.2.0/lib/gcc/m68k-elf/11.2.0/m68000//libgcc.a(_gedf2.o)

Memory Configuration

Name             Origin             Length             Attributes
RAM              0x0000000000002000 0x0000000000f7e000
*default*        0x0000000000000000 0xffffffffffffffff

Linker script and memory map

                0x0000000000002000                ram = 0x2000
                [!provide]                        PROVIDE (_STACK_SIZE = 0x4000)
                [!provide]                        PROVIDE (_INITIAL_STACK = 0x0)
                [!provide]                        PROVIDE (_WARM_BOOT = 0x4)
                [!provide]                        PROVIDE (_MFP_VECTORS = 0x100)
                [!provide]                        PROVIDE (_SDB = 0x400)
                [!provide]                        PROVIDE (_SDB_MAGIC = 0x400)
                [!provide]                        PROVIDE (_SDB_STATUS = 0x404)
                [!provide]                        PROVIDE (_SDB_RSRVD_408 = 0x408)
                0x000000000000040c                PROVIDE (_TIMER_100HZ = 0x40c)
                [!provide]                        PROVIDE (_EASY68K_ECHOON = 0x410)
                [!provide]                        PROVIDE (_EASY68K_PROMPT = 0x411)
                [!provide]                        PROVIDE (_EASY68K_SHOWLF = 0x412)
                [!provide]                        PROVIDE (_SDB_RSRVD_413 = 0x413)
                [!provide]                        PROVIDE (_SDB_MEM_SIZE = 0x414)
                [!provide]                        PROVIDE (_SDB_UART_BASE = 0x418)
                [!provide]                        PROVIDE (_SDB_CPU_INFO = 0x41c)
                [!provide]                        PROVIDE (_EFP_TABLE = 0x420)
                [!provide]                        PROVIDE (_EFP_PRINT = 0x420)
                [!provide]                        PROVIDE (_EFP_PRINTLN = 0x424)
                [!provide]                        PROVIDE (_EFP_PRINTCHAR = 0x428)
                [!provide]                        PROVIDE (_EFP_HALT = 0x42c)
                [!provide]                        PROVIDE (_EFP_SENDCHAR = 0x430)
                [!provide]                        PROVIDE (_EFP_RECVCHAR = 0x434)
                [!provide]                        PROVIDE (_EFP_CLRSCR = 0x438)
                [!provide]                        PROVIDE (_EFP_MOVEXY = 0x43c)
                [!provide]                        PROVIDE (_EFP_SETCURSOR = 0x440)
                [!provide]                        PROVIDE (_EFP_CHECKCHAR = 0x444)
                [!provide]                        PROVIDE (_EFP_PROGLOADER = 0x448)
                [!provide]                        PROVIDE (_EFP_SD_INIT = 0x44c)
                [!provide]                        PROVIDE (_EFP_SD_READ = 0x450)
                [!provide]                        PROVIDE (_EFP_SD_WRITE = 0x454)
                [!provide]                        PROVIDE (_EFP_SD_REG = 0x458)
                [!provide]                        PROVIDE (_EFP_SPI_INIT = 0x45c)
                [!provide]                        PROVIDE (_EFP_SPI_CS_A = 0x460)
                [!provide]                        PROVIDE (_EFP_SPI_CS_D = 0x464)
                [!provide]                        PROVIDE (_EFP_SPI_XFER_B = 0x468)
                [!provide]                        PROVIDE (_EFP_SPI_XFER_M = 0x46c)
                [!provide]                        PROVIDE (_EFP_SPI_RECV_B = 0x470)
                [!provide]                        PROVIDE (_EFP_SPI_RECV_M = 0x474)
                [!provide]                        PROVIDE (_EFP_SPI_SEND_B = 0x478)
                [!provide]                        PROVIDE (_EFP_SPI_SEND_M = 0x47c)
                [!provide]                        PROVIDE (_EFP_ATA_INIT = 0x480)
                [!provide]                        PROVIDE (_EFP_ATA_READ = 0x484)
                [!provide]                        PROVIDE (_EFP_ATA_WRITE = 0x488)
                [!provide]                        PROVIDE (_EFP_ATA_IDENT = 0x48c)
                [!provide]                        PROVIDE (_FIRMWARE = 0xe00000)
                [!provide]                        PROVIDE (_FIRMWARE_REV = 0xe00400)
                [!provide]                        PROVIDE (_LOAD_ADDRESS = 0x40000)
                [!provide]                        PROVIDE (_RUN_ADDRESS = ORIGIN (RAM))

.text.init      0x0000000000002000       0x26
                0x0000000000002000                _init = .
 *(.init)
 .init          0x0000000000002000       0x26 /home/sgoyette/Projects/rosco_m68k/code/software/libs/build/lib/librosco_m68k.a(init.o)
                0x0000000000002000                START
                0x0000000000002026                _init_end = .

.text.postinit  0x0000000000002026       0x9e
                0x0000000000002026                _postinit = .
 *(.postinit)
 .postinit      0x0000000000002026       0x9c /home/sgoyette/Projects/rosco_m68k/code/software/libs/build/lib/librosco_m68k.a(init.o)
                0x000000000000207e                CALL_CTORS
                0x00000000000020a0                CALL_DTORS
                0x00000000000020c4                . = ALIGN (0x4)
 *fill*         0x00000000000020c2        0x2 
                0x00000000000020c4                _postinit_end = .

.text           0x00000000000020c4     0x2678
                0x00000000000020c4                _code = .
 *(.text*)
 .text.kmain    0x00000000000020c4       0x56 kmain.o
                0x00000000000020c4                kmain
 .text.__kinit  0x000000000000211a       0x2c /home/sgoyette/Projects/rosco_m68k/code/software/libs/build/lib/librosco_m68k.a(kinit.o)
                0x000000000000211a                __kinit
 .text.__cxa_finalize
                0x0000000000002146       0x6c /home/sgoyette/Projects/rosco_m68k/code/software/libs/build/lib/librosco_m68k.a(kinit.o)
                0x0000000000002146                __cxa_finalize
 .text._out_buffer
                0x00000000000021b2       0x18 /home/sgoyette/Projects/rosco_m68k/code/software/libs/build/lib/librosco_m68k.a(printf.o)
 .text._out_null
                0x00000000000021ca        0x2 /home/sgoyette/Projects/rosco_m68k/code/software/libs/build/lib/librosco_m68k.a(printf.o)
 .text._out_rev
                0x00000000000021cc       0xac /home/sgoyette/Projects/rosco_m68k/code/software/libs/build/lib/librosco_m68k.a(printf.o)
 .text._ntoa_long
                0x0000000000002278      0x41e /home/sgoyette/Projects/rosco_m68k/code/software/libs/build/lib/librosco_m68k.a(printf.o)
 .text._out_char
                0x0000000000002696       0x18 /home/sgoyette/Projects/rosco_m68k/code/software/libs/build/lib/librosco_m68k.a(printf.o)
 .text._vsnprintf
                0x00000000000026ae      0xdb8 /home/sgoyette/Projects/rosco_m68k/code/software/libs/build/lib/librosco_m68k.a(printf.o)
 .text.printf_  0x0000000000003466       0x28 /home/sgoyette/Projects/rosco_m68k/code/software/libs/build/lib/librosco_m68k.a(printf.o)
                0x0000000000003466                printf_
 .text.sprintf_
                0x000000000000348e       0x28 /home/sgoyette/Projects/rosco_m68k/code/software/libs/build/lib/librosco_m68k.a(printf.o)
                0x000000000000348e                sprintf_
 .text._putchar
                0x00000000000034b6       0x42 /home/sgoyette/Projects/rosco_m68k/code/software/libs/build/lib/librosco_m68k.a(putchar.o)
                0x00000000000034b6                _putchar
 .text.mcPrint  0x00000000000034f8       0x12 /home/sgoyette/Projects/rosco_m68k/code/software/libs/build/lib/librosco_m68k.a(machine.o)
                0x00000000000034f8                mcPrint
 *fill*         0x000000000000350a        0x2 
 .text          0x000000000000350c       0x5c /home/linuxbrew/.linuxbrew/Cellar/gcc-cross-m68k@11/11.2.0/lib/gcc/m68k-elf/11.2.0/m68000//libgcc.a(_udivsi3.o)
                0x000000000000350c                __udivsi3
 .text          0x0000000000003568       0x2e /home/linuxbrew/.linuxbrew/Cellar/gcc-cross-m68k@11/11.2.0/lib/gcc/m68k-elf/11.2.0/m68000//libgcc.a(_divsi3.o)
                0x0000000000003568                __divsi3
 *fill*         0x0000000000003596        0x2 
 .text          0x0000000000003598       0x2e /home/linuxbrew/.linuxbrew/Cellar/gcc-cross-m68k@11/11.2.0/lib/gcc/m68k-elf/11.2.0/m68000//libgcc.a(_umodsi3.o)
                0x0000000000003598                __umodsi3
 *fill*         0x00000000000035c6        0x2 
 .text          0x00000000000035c8       0x2e /home/linuxbrew/.linuxbrew/Cellar/gcc-cross-m68k@11/11.2.0/lib/gcc/m68k-elf/11.2.0/m68000//libgcc.a(_modsi3.o)
                0x00000000000035c8                __modsi3
 *fill*         0x00000000000035f6        0x2 
 .text          0x00000000000035f8      0x9cc /home/linuxbrew/.linuxbrew/Cellar/gcc-cross-m68k@11/11.2.0/lib/gcc/m68k-elf/11.2.0/m68000//libgcc.a(_double.o)
                0x0000000000003652                __subdf3
                0x0000000000003658                __adddf3
                0x00000000000039ee                __muldf3
                0x0000000000003b9c                __divdf3
                0x0000000000003e10                __negdf2
                0x0000000000003e6e                __cmpdf2_internal
                0x0000000000003f3e                __cmpdf2
 .text          0x0000000000003fc4       0x6a /home/linuxbrew/.linuxbrew/Cellar/gcc-cross-m68k@11/11.2.0/lib/gcc/m68k-elf/11.2.0/m68000//libgcc.a(_floatex.o)
                0x0000000000003fc4                __clear_sticky_bit
                0x0000000000003fd2                $_exception_handler
 *fill*         0x000000000000402e        0x2 
 .text          0x0000000000004030       0x22 /home/linuxbrew/.linuxbrew/Cellar/gcc-cross-m68k@11/11.2.0/lib/gcc/m68k-elf/11.2.0/m68000//libgcc.a(_nedf2.o)
                0x0000000000004030                __nedf2
 *fill*         0x0000000000004052        0x2 
 .text          0x0000000000004054       0x22 /home/linuxbrew/.linuxbrew/Cellar/gcc-cross-m68k@11/11.2.0/lib/gcc/m68k-elf/11.2.0/m68000//libgcc.a(_gtdf2.o)
                0x0000000000004054                __gtdf2
 *fill*         0x0000000000004076        0x2 
 .text          0x0000000000004078       0x22 /home/linuxbrew/.linuxbrew/Cellar/gcc-cross-m68k@11/11.2.0/lib/gcc/m68k-elf/11.2.0/m68000//libgcc.a(_ltdf2.o)
                0x0000000000004078                __ltdf2
 *fill*         0x000000000000409a        0x2 
 .text          0x000000000000409c       0x22 /home/linuxbrew/.linuxbrew/Cellar/gcc-cross-m68k@11/11.2.0/lib/gcc/m68k-elf/11.2.0/m68000//libgcc.a(_ledf2.o)
                0x000000000000409c                __ledf2
 *fill*         0x00000000000040be        0x2 
 .text          0x00000000000040c0       0x66 /home/linuxbrew/.linuxbrew/Cellar/gcc-cross-m68k@11/11.2.0/lib/gcc/m68k-elf/11.2.0/m68000//libgcc.a(_fixunsdfsi.o)
                0x00000000000040c0                __fixunsdfsi
 *fill*         0x0000000000004126        0x2 
 .text          0x0000000000004128      0x536 /home/linuxbrew/.linuxbrew/Cellar/gcc-cross-m68k@11/11.2.0/lib/gcc/m68k-elf/11.2.0/m68000//libgcc.a(fpgnulib.o)
                0x00000000000041d6                __unordsf2
                0x000000000000422c                __unorddf2
                0x000000000000429c                __floatunsidf
                0x0000000000004312                __floatsidf
                0x0000000000004322                __floatunsisf
                0x000000000000439c                __floatsisf
                0x00000000000043b8                __extendsfdf2
                0x000000000000442c                __truncdfsf2
                0x000000000000453a                __fixdfsi
                0x00000000000045ca                __fixsfsi
 *fill*         0x000000000000465e        0x2 
 .text          0x0000000000004660       0x22 /home/linuxbrew/.linuxbrew/Cellar/gcc-cross-m68k@11/11.2.0/lib/gcc/m68k-elf/11.2.0/m68000//libgcc.a(_mulsi3.o)
                0x0000000000004660                __mulsi3
 *fill*         0x0000000000004682        0x2 
 .text          0x0000000000004684       0x22 /home/linuxbrew/.linuxbrew/Cellar/gcc-cross-m68k@11/11.2.0/lib/gcc/m68k-elf/11.2.0/m68000//libgcc.a(_gedf2.o)
                0x0000000000004684                __gedf2
 *(.rodata*)
 .rodata.kmain.str1.1
                0x00000000000046a6       0x34 kmain.o
 .rodata._vsnprintf.str1.1
                0x00000000000046da       0x12 /home/sgoyette/Projects/rosco_m68k/code/software/libs/build/lib/librosco_m68k.a(printf.o)
 .rodata.pow10.0
                0x00000000000046ec       0x50 /home/sgoyette/Projects/rosco_m68k/code/software/libs/build/lib/librosco_m68k.a(printf.o)
                0x000000000000473c                _code_end = .

.ctors          0x000000000000473c        0x0
                0x000000000000473c                _ctors = .
 *(.ctors)
 *(SORT_BY_NAME(.ctors.*))
                0x000000000000473c                _ctors_end = .

.dtors          0x000000000000473c        0x0
                0x000000000000473c                _dtors = .
 *(SORT_BY_NAME(.dtors.*))
 *(.dtors)
                0x000000000000473c                _dtors_end = .

.data           0x000000000000473c       0x28
                0x000000000000473c                _data_start = .
 *(.data*)
 *fill*         0x000000000000473c        0x4 
 .data          0x0000000000004740        0x4 /home/sgoyette/Projects/rosco_m68k/code/software/libs/build/lib/librosco_m68k.a(init.o)
 .data.crbuf    0x0000000000004744        0x2 /home/sgoyette/Projects/rosco_m68k/code/software/libs/build/lib/librosco_m68k.a(putchar.o)
 *fill*         0x0000000000004746        0x2 
 .data          0x0000000000004748       0x1c /home/linuxbrew/.linuxbrew/Cellar/gcc-cross-m68k@11/11.2.0/lib/gcc/m68k-elf/11.2.0/m68000//libgcc.a(_floatex.o)
                0x0000000000004748                _fpCCR
                0x0000000000004764                . = ALIGN (0x4)
                0x0000000000004764                _data_end = .

.bss            0x0000000000004764     0x3804
                0x0000000000004764                . = ALIGN (0x4)
                0x0000000000004764                _bss_start = .
 *(.bss*)
 .bss.cxa_atexit_count
                0x0000000000004764        0x2 /home/sgoyette/Projects/rosco_m68k/code/software/libs/build/lib/librosco_m68k.a(kinit.o)
 .bss.cxa_atexits
                0x0000000000004766     0x3800 /home/sgoyette/Projects/rosco_m68k/code/software/libs/build/lib/librosco_m68k.a(kinit.o)
 .bss.buf       0x0000000000007f66        0x2 /home/sgoyette/Projects/rosco_m68k/code/software/libs/build/lib/librosco_m68k.a(putchar.o)
 *(COMMON)
                0x0000000000007f68                . = ALIGN (0x4)
                0x0000000000007f68                _bss_end = .
                0x0000000000007f68                _end = .
LOAD kmain.o
LOAD /home/sgoyette/Projects/rosco_m68k/code/software/libs/build/lib/librosco_m68k.a
LOAD /home/linuxbrew/.linuxbrew/Cellar/gcc-cross-m68k@11/11.2.0/lib/gcc/m68k-elf/11.2.0/m68000//libgcc.a
OUTPUT(tester.elf elf32-m68k)

.debug_info     0x0000000000000000     0x1ce3
 .debug_info    0x0000000000000000      0x12e kmain.o
 .debug_info    0x000000000000012e      0x254 /home/sgoyette/Projects/rosco_m68k/code/software/libs/build/lib/librosco_m68k.a(kinit.o)
 .debug_info    0x0000000000000382      0xfc5 /home/sgoyette/Projects/rosco_m68k/code/software/libs/build/lib/librosco_m68k.a(printf.o)
 .debug_info    0x0000000000001347      0x104 /home/sgoyette/Projects/rosco_m68k/code/software/libs/build/lib/librosco_m68k.a(putchar.o)
 .debug_info    0x000000000000144b       0x24 /home/linuxbrew/.linuxbrew/Cellar/gcc-cross-m68k@11/11.2.0/lib/gcc/m68k-elf/11.2.0/m68000//libgcc.a(_udivsi3.o)
 .debug_info    0x000000000000146f       0x24 /home/linuxbrew/.linuxbrew/Cellar/gcc-cross-m68k@11/11.2.0/lib/gcc/m68k-elf/11.2.0/m68000//libgcc.a(_divsi3.o)
 .debug_info    0x0000000000001493       0x24 /home/linuxbrew/.linuxbrew/Cellar/gcc-cross-m68k@11/11.2.0/lib/gcc/m68k-elf/11.2.0/m68000//libgcc.a(_umodsi3.o)
 .debug_info    0x00000000000014b7       0x24 /home/linuxbrew/.linuxbrew/Cellar/gcc-cross-m68k@11/11.2.0/lib/gcc/m68k-elf/11.2.0/m68000//libgcc.a(_modsi3.o)
 .debug_info    0x00000000000014db       0x25 /home/linuxbrew/.linuxbrew/Cellar/gcc-cross-m68k@11/11.2.0/lib/gcc/m68k-elf/11.2.0/m68000//libgcc.a(_double.o)
 .debug_info    0x0000000000001500       0x24 /home/linuxbrew/.linuxbrew/Cellar/gcc-cross-m68k@11/11.2.0/lib/gcc/m68k-elf/11.2.0/m68000//libgcc.a(_floatex.o)
 .debug_info    0x0000000000001524       0x24 /home/linuxbrew/.linuxbrew/Cellar/gcc-cross-m68k@11/11.2.0/lib/gcc/m68k-elf/11.2.0/m68000//libgcc.a(_nedf2.o)
 .debug_info    0x0000000000001548       0x24 /home/linuxbrew/.linuxbrew/Cellar/gcc-cross-m68k@11/11.2.0/lib/gcc/m68k-elf/11.2.0/m68000//libgcc.a(_gtdf2.o)
 .debug_info    0x000000000000156c       0x24 /home/linuxbrew/.linuxbrew/Cellar/gcc-cross-m68k@11/11.2.0/lib/gcc/m68k-elf/11.2.0/m68000//libgcc.a(_ltdf2.o)
 .debug_info    0x0000000000001590       0x24 /home/linuxbrew/.linuxbrew/Cellar/gcc-cross-m68k@11/11.2.0/lib/gcc/m68k-elf/11.2.0/m68000//libgcc.a(_ledf2.o)
 .debug_info    0x00000000000015b4      0x128 /home/linuxbrew/.linuxbrew/Cellar/gcc-cross-m68k@11/11.2.0/lib/gcc/m68k-elf/11.2.0/m68000//libgcc.a(_fixunsdfsi.o)
 .debug_info    0x00000000000016dc      0x5bf /home/linuxbrew/.linuxbrew/Cellar/gcc-cross-m68k@11/11.2.0/lib/gcc/m68k-elf/11.2.0/m68000//libgcc.a(fpgnulib.o)
 .debug_info    0x0000000000001c9b       0x24 /home/linuxbrew/.linuxbrew/Cellar/gcc-cross-m68k@11/11.2.0/lib/gcc/m68k-elf/11.2.0/m68000//libgcc.a(_mulsi3.o)
 .debug_info    0x0000000000001cbf       0x24 /home/linuxbrew/.linuxbrew/Cellar/gcc-cross-m68k@11/11.2.0/lib/gcc/m68k-elf/11.2.0/m68000//libgcc.a(_gedf2.o)

.debug_abbrev   0x0000000000000000      0xb14
 .debug_abbrev  0x0000000000000000       0xd3 kmain.o
 .debug_abbrev  0x00000000000000d3      0x188 /home/sgoyette/Projects/rosco_m68k/code/software/libs/build/lib/librosco_m68k.a(kinit.o)
 .debug_abbrev  0x000000000000025b      0x42a /home/sgoyette/Projects/rosco_m68k/code/software/libs/build/lib/librosco_m68k.a(printf.o)
 .debug_abbrev  0x0000000000000685       0xc2 /home/sgoyette/Projects/rosco_m68k/code/software/libs/build/lib/librosco_m68k.a(putchar.o)
 .debug_abbrev  0x0000000000000747       0x14 /home/linuxbrew/.linuxbrew/Cellar/gcc-cross-m68k@11/11.2.0/lib/gcc/m68k-elf/11.2.0/m68000//libgcc.a(_udivsi3.o)
 .debug_abbrev  0x000000000000075b       0x14 /home/linuxbrew/.linuxbrew/Cellar/gcc-cross-m68k@11/11.2.0/lib/gcc/m68k-elf/11.2.0/m68000//libgcc.a(_divsi3.o)
 .debug_abbrev  0x000000000000076f       0x14 /home/linuxbrew/.linuxbrew/Cellar/gcc-cross-m68k@11/11.2.0/lib/gcc/m68k-elf/11.2.0/m68000//libgcc.a(_umodsi3.o)
 .debug_abbrev  0x0000000000000783       0x14 /home/linuxbrew/.linuxbrew/Cellar/gcc-cross-m68k@11/11.2.0/lib/gcc/m68k-elf/11.2.0/m68000//libgcc.a(_modsi3.o)
 .debug_abbrev  0x0000000000000797       0x14 /home/linuxbrew/.linuxbrew/Cellar/gcc-cross-m68k@11/11.2.0/lib/gcc/m68k-elf/11.2.0/m68000//libgcc.a(_double.o)
 .debug_abbrev  0x00000000000007ab       0x14 /home/linuxbrew/.linuxbrew/Cellar/gcc-cross-m68k@11/11.2.0/lib/gcc/m68k-elf/11.2.0/m68000//libgcc.a(_floatex.o)
 .debug_abbrev  0x00000000000007bf       0x14 /home/linuxbrew/.linuxbrew/Cellar/gcc-cross-m68k@11/11.2.0/lib/gcc/m68k-elf/11.2.0/m68000//libgcc.a(_nedf2.o)
 .debug_abbrev  0x00000000000007d3       0x14 /home/linuxbrew/.linuxbrew/Cellar/gcc-cross-m68k@11/11.2.0/lib/gcc/m68k-elf/11.2.0/m68000//libgcc.a(_gtdf2.o)
 .debug_abbrev  0x00000000000007e7       0x14 /home/linuxbrew/.linuxbrew/Cellar/gcc-cross-m68k@11/11.2.0/lib/gcc/m68k-elf/11.2.0/m68000//libgcc.a(_ltdf2.o)
 .debug_abbrev  0x00000000000007fb       0x14 /home/linuxbrew/.linuxbrew/Cellar/gcc-cross-m68k@11/11.2.0/lib/gcc/m68k-elf/11.2.0/m68000//libgcc.a(_ledf2.o)
 .debug_abbrev  0x000000000000080f       0x7e /home/linuxbrew/.linuxbrew/Cellar/gcc-cross-m68k@11/11.2.0/lib/gcc/m68k-elf/11.2.0/m68000//libgcc.a(_fixunsdfsi.o)
 .debug_abbrev  0x000000000000088d      0x25f /home/linuxbrew/.linuxbrew/Cellar/gcc-cross-m68k@11/11.2.0/lib/gcc/m68k-elf/11.2.0/m68000//libgcc.a(fpgnulib.o)
 .debug_abbrev  0x0000000000000aec       0x14 /home/linuxbrew/.linuxbrew/Cellar/gcc-cross-m68k@11/11.2.0/lib/gcc/m68k-elf/11.2.0/m68000//libgcc.a(_mulsi3.o)
 .debug_abbrev  0x0000000000000b00       0x14 /home/linuxbrew/.linuxbrew/Cellar/gcc-cross-m68k@11/11.2.0/lib/gcc/m68k-elf/11.2.0/m68000//libgcc.a(_gedf2.o)

.debug_loclists
                0x0000000000000000     0x1fd6
 .debug_loclists
                0x0000000000000000       0x56 kmain.o
 .debug_loclists
                0x0000000000000056       0xab /home/sgoyette/Projects/rosco_m68k/code/software/libs/build/lib/librosco_m68k.a(kinit.o)
 .debug_loclists
                0x0000000000000101     0x199f /home/sgoyette/Projects/rosco_m68k/code/software/libs/build/lib/librosco_m68k.a(printf.o)
 .debug_loclists
                0x0000000000001aa0      0x536 /home/linuxbrew/.linuxbrew/Cellar/gcc-cross-m68k@11/11.2.0/lib/gcc/m68k-elf/11.2.0/m68000//libgcc.a(fpgnulib.o)

.debug_aranges  0x0000000000000000      0x2b0
 .debug_aranges
                0x0000000000000000       0x20 kmain.o
 .debug_aranges
                0x0000000000000020       0x30 /home/sgoyette/Projects/rosco_m68k/code/software/libs/build/lib/librosco_m68k.a(kinit.o)
 .debug_aranges
                0x0000000000000050       0x80 /home/sgoyette/Projects/rosco_m68k/code/software/libs/build/lib/librosco_m68k.a(printf.o)
 .debug_aranges
                0x00000000000000d0       0x20 /home/sgoyette/Projects/rosco_m68k/code/software/libs/build/lib/librosco_m68k.a(putchar.o)
 .debug_aranges
                0x00000000000000f0       0x20 /home/linuxbrew/.linuxbrew/Cellar/gcc-cross-m68k@11/11.2.0/lib/gcc/m68k-elf/11.2.0/m68000//libgcc.a(_udivsi3.o)
 .debug_aranges
                0x0000000000000110       0x20 /home/linuxbrew/.linuxbrew/Cellar/gcc-cross-m68k@11/11.2.0/lib/gcc/m68k-elf/11.2.0/m68000//libgcc.a(_divsi3.o)
 .debug_aranges
                0x0000000000000130       0x20 /home/linuxbrew/.linuxbrew/Cellar/gcc-cross-m68k@11/11.2.0/lib/gcc/m68k-elf/11.2.0/m68000//libgcc.a(_umodsi3.o)
 .debug_aranges
                0x0000000000000150       0x20 /home/linuxbrew/.linuxbrew/Cellar/gcc-cross-m68k@11/11.2.0/lib/gcc/m68k-elf/11.2.0/m68000//libgcc.a(_modsi3.o)
 .debug_aranges
                0x0000000000000170       0x20 /home/linuxbrew/.linuxbrew/Cellar/gcc-cross-m68k@11/11.2.0/lib/gcc/m68k-elf/11.2.0/m68000//libgcc.a(_double.o)
 .debug_aranges
                0x0000000000000190       0x20 /home/linuxbrew/.linuxbrew/Cellar/gcc-cross-m68k@11/11.2.0/lib/gcc/m68k-elf/11.2.0/m68000//libgcc.a(_floatex.o)
 .debug_aranges
                0x00000000000001b0       0x20 /home/linuxbrew/.linuxbrew/Cellar/gcc-cross-m68k@11/11.2.0/lib/gcc/m68k-elf/11.2.0/m68000//libgcc.a(_nedf2.o)
 .debug_aranges
                0x00000000000001d0       0x20 /home/linuxbrew/.linuxbrew/Cellar/gcc-cross-m68k@11/11.2.0/lib/gcc/m68k-elf/11.2.0/m68000//libgcc.a(_gtdf2.o)
 .debug_aranges
                0x00000000000001f0       0x20 /home/linuxbrew/.linuxbrew/Cellar/gcc-cross-m68k@11/11.2.0/lib/gcc/m68k-elf/11.2.0/m68000//libgcc.a(_ltdf2.o)
 .debug_aranges
                0x0000000000000210       0x20 /home/linuxbrew/.linuxbrew/Cellar/gcc-cross-m68k@11/11.2.0/lib/gcc/m68k-elf/11.2.0/m68000//libgcc.a(_ledf2.o)
 .debug_aranges
                0x0000000000000230       0x20 /home/linuxbrew/.linuxbrew/Cellar/gcc-cross-m68k@11/11.2.0/lib/gcc/m68k-elf/11.2.0/m68000//libgcc.a(_fixunsdfsi.o)
 .debug_aranges
                0x0000000000000250       0x20 /home/linuxbrew/.linuxbrew/Cellar/gcc-cross-m68k@11/11.2.0/lib/gcc/m68k-elf/11.2.0/m68000//libgcc.a(fpgnulib.o)
 .debug_aranges
                0x0000000000000270       0x20 /home/linuxbrew/.linuxbrew/Cellar/gcc-cross-m68k@11/11.2.0/lib/gcc/m68k-elf/11.2.0/m68000//libgcc.a(_mulsi3.o)
 .debug_aranges
                0x0000000000000290       0x20 /home/linuxbrew/.linuxbrew/Cellar/gcc-cross-m68k@11/11.2.0/lib/gcc/m68k-elf/11.2.0/m68000//libgcc.a(_gedf2.o)

.debug_rnglists
                0x0000000000000000      0x2de
 .debug_rnglists
                0x0000000000000000       0x13 kmain.o
 .debug_rnglists
                0x0000000000000013       0x37 /home/sgoyette/Projects/rosco_m68k/code/software/libs/build/lib/librosco_m68k.a(kinit.o)
 .debug_rnglists
                0x000000000000004a      0x21f /home/sgoyette/Projects/rosco_m68k/code/software/libs/build/lib/librosco_m68k.a(printf.o)
 .debug_rnglists
                0x0000000000000269       0x13 /home/sgoyette/Projects/rosco_m68k/code/software/libs/build/lib/librosco_m68k.a(putchar.o)
 .debug_rnglists
                0x000000000000027c       0x62 /home/linuxbrew/.linuxbrew/Cellar/gcc-cross-m68k@11/11.2.0/lib/gcc/m68k-elf/11.2.0/m68000//libgcc.a(fpgnulib.o)

.debug_line     0x0000000000000000     0x2237
 .debug_line    0x0000000000000000       0xd1 kmain.o
 .debug_line    0x00000000000000d1      0x181 /home/sgoyette/Projects/rosco_m68k/code/software/libs/build/lib/librosco_m68k.a(kinit.o)
 .debug_line    0x0000000000000252     0x1145 /home/sgoyette/Projects/rosco_m68k/code/software/libs/build/lib/librosco_m68k.a(printf.o)
 .debug_line    0x0000000000001397       0x9a /home/sgoyette/Projects/rosco_m68k/code/software/libs/build/lib/librosco_m68k.a(putchar.o)
 .debug_line    0x0000000000001431       0x6d /home/linuxbrew/.linuxbrew/Cellar/gcc-cross-m68k@11/11.2.0/lib/gcc/m68k-elf/11.2.0/m68000//libgcc.a(_udivsi3.o)
 .debug_line    0x000000000000149e       0x5c /home/linuxbrew/.linuxbrew/Cellar/gcc-cross-m68k@11/11.2.0/lib/gcc/m68k-elf/11.2.0/m68000//libgcc.a(_divsi3.o)
 .debug_line    0x00000000000014fa       0x58 /home/linuxbrew/.linuxbrew/Cellar/gcc-cross-m68k@11/11.2.0/lib/gcc/m68k-elf/11.2.0/m68000//libgcc.a(_umodsi3.o)
 .debug_line    0x0000000000001552       0x58 /home/linuxbrew/.linuxbrew/Cellar/gcc-cross-m68k@11/11.2.0/lib/gcc/m68k-elf/11.2.0/m68000//libgcc.a(_modsi3.o)
 .debug_line    0x00000000000015aa      0x3cb /home/linuxbrew/.linuxbrew/Cellar/gcc-cross-m68k@11/11.2.0/lib/gcc/m68k-elf/11.2.0/m68000//libgcc.a(_double.o)
 .debug_line    0x0000000000001975       0x63 /home/linuxbrew/.linuxbrew/Cellar/gcc-cross-m68k@11/11.2.0/lib/gcc/m68k-elf/11.2.0/m68000//libgcc.a(_floatex.o)
 .debug_line    0x00000000000019d8       0x52 /home/linuxbrew/.linuxbrew/Cellar/gcc-cross-m68k@11/11.2.0/lib/gcc/m68k-elf/11.2.0/m68000//libgcc.a(_nedf2.o)
 .debug_line    0x0000000000001a2a       0x52 /home/linuxbrew/.linuxbrew/Cellar/gcc-cross-m68k@11/11.2.0/lib/gcc/m68k-elf/11.2.0/m68000//libgcc.a(_gtdf2.o)
 .debug_line    0x0000000000001a7c       0x52 /home/linuxbrew/.linuxbrew/Cellar/gcc-cross-m68k@11/11.2.0/lib/gcc/m68k-elf/11.2.0/m68000//libgcc.a(_ltdf2.o)
 .debug_line    0x0000000000001ace       0x52 /home/linuxbrew/.linuxbrew/Cellar/gcc-cross-m68k@11/11.2.0/lib/gcc/m68k-elf/11.2.0/m68000//libgcc.a(_ledf2.o)
 .debug_line    0x0000000000001b20       0x8d /home/linuxbrew/.linuxbrew/Cellar/gcc-cross-m68k@11/11.2.0/lib/gcc/m68k-elf/11.2.0/m68000//libgcc.a(_fixunsdfsi.o)
 .debug_line    0x0000000000001bad      0x5e4 /home/linuxbrew/.linuxbrew/Cellar/gcc-cross-m68k@11/11.2.0/lib/gcc/m68k-elf/11.2.0/m68000//libgcc.a(fpgnulib.o)
 .debug_line    0x0000000000002191       0x54 /home/linuxbrew/.linuxbrew/Cellar/gcc-cross-m68k@11/11.2.0/lib/gcc/m68k-elf/11.2.0/m68000//libgcc.a(_mulsi3.o)
 .debug_line    0x00000000000021e5       0x52 /home/linuxbrew/.linuxbrew/Cellar/gcc-cross-m68k@11/11.2.0/lib/gcc/m68k-elf/11.2.0/m68000//libgcc.a(_gedf2.o)

.debug_str      0x0000000000000000      0x6b8
 .debug_str     0x0000000000000000       0xfc kmain.o
                                        0x13d (size before relaxing)
 .debug_str     0x00000000000000fc      0x19f /home/sgoyette/Projects/rosco_m68k/code/software/libs/build/lib/librosco_m68k.a(kinit.o)
                                        0x223 (size before relaxing)
 .debug_str     0x000000000000029b      0x1dc /home/sgoyette/Projects/rosco_m68k/code/software/libs/build/lib/librosco_m68k.a(printf.o)
                                        0x379 (size before relaxing)
 .debug_str     0x0000000000000477       0x23 /home/sgoyette/Projects/rosco_m68k/code/software/libs/build/lib/librosco_m68k.a(putchar.o)
                                        0x169 (size before relaxing)
 .debug_str     0x000000000000049a       0x5f /home/linuxbrew/.linuxbrew/Cellar/gcc-cross-m68k@11/11.2.0/lib/gcc/m68k-elf/11.2.0/m68000//libgcc.a(_udivsi3.o)
 .debug_str     0x00000000000004f9       0x5f /home/linuxbrew/.linuxbrew/Cellar/gcc-cross-m68k@11/11.2.0/lib/gcc/m68k-elf/11.2.0/m68000//libgcc.a(_divsi3.o)
 .debug_str     0x00000000000004f9       0x5f /home/linuxbrew/.linuxbrew/Cellar/gcc-cross-m68k@11/11.2.0/lib/gcc/m68k-elf/11.2.0/m68000//libgcc.a(_umodsi3.o)
 .debug_str     0x00000000000004f9       0x5f /home/linuxbrew/.linuxbrew/Cellar/gcc-cross-m68k@11/11.2.0/lib/gcc/m68k-elf/11.2.0/m68000//libgcc.a(_modsi3.o)
 .debug_str     0x00000000000004f9       0x5f /home/linuxbrew/.linuxbrew/Cellar/gcc-cross-m68k@11/11.2.0/lib/gcc/m68k-elf/11.2.0/m68000//libgcc.a(_double.o)
 .debug_str     0x00000000000004f9       0x5f /home/linuxbrew/.linuxbrew/Cellar/gcc-cross-m68k@11/11.2.0/lib/gcc/m68k-elf/11.2.0/m68000//libgcc.a(_floatex.o)
 .debug_str     0x00000000000004f9       0x5f /home/linuxbrew/.linuxbrew/Cellar/gcc-cross-m68k@11/11.2.0/lib/gcc/m68k-elf/11.2.0/m68000//libgcc.a(_nedf2.o)
 .debug_str     0x00000000000004f9       0x5f /home/linuxbrew/.linuxbrew/Cellar/gcc-cross-m68k@11/11.2.0/lib/gcc/m68k-elf/11.2.0/m68000//libgcc.a(_gtdf2.o)
 .debug_str     0x00000000000004f9       0x5f /home/linuxbrew/.linuxbrew/Cellar/gcc-cross-m68k@11/11.2.0/lib/gcc/m68k-elf/11.2.0/m68000//libgcc.a(_ltdf2.o)
 .debug_str     0x00000000000004f9       0x5f /home/linuxbrew/.linuxbrew/Cellar/gcc-cross-m68k@11/11.2.0/lib/gcc/m68k-elf/11.2.0/m68000//libgcc.a(_ledf2.o)
 .debug_str     0x00000000000004f9       0xe4 /home/linuxbrew/.linuxbrew/Cellar/gcc-cross-m68k@11/11.2.0/lib/gcc/m68k-elf/11.2.0/m68000//libgcc.a(_fixunsdfsi.o)
                                        0x1ed (size before relaxing)
 .debug_str     0x00000000000005dd       0xdb /home/linuxbrew/.linuxbrew/Cellar/gcc-cross-m68k@11/11.2.0/lib/gcc/m68k-elf/11.2.0/m68000//libgcc.a(fpgnulib.o)
                                        0x1d9 (size before relaxing)
 .debug_str     0x00000000000006b8       0x5f /home/linuxbrew/.linuxbrew/Cellar/gcc-cross-m68k@11/11.2.0/lib/gcc/m68k-elf/11.2.0/m68000//libgcc.a(_mulsi3.o)
 .debug_str     0x00000000000006b8       0x5f /home/linuxbrew/.linuxbrew/Cellar/gcc-cross-m68k@11/11.2.0/lib/gcc/m68k-elf/11.2.0/m68000//libgcc.a(_gedf2.o)

.comment        0x0000000000000000       0x12
 .comment       0x0000000000000000       0x12 kmain.o
                                         0x13 (size before relaxing)
 .comment       0x0000000000000012       0x13 /home/sgoyette/Projects/rosco_m68k/code/software/libs/build/lib/librosco_m68k.a(kinit.o)
 .comment       0x0000000000000012       0x13 /home/sgoyette/Projects/rosco_m68k/code/software/libs/build/lib/librosco_m68k.a(printf.o)
 .comment       0x0000000000000012       0x13 /home/sgoyette/Projects/rosco_m68k/code/software/libs/build/lib/librosco_m68k.a(putchar.o)
 .comment       0x0000000000000012       0x13 /home/linuxbrew/.linuxbrew/Cellar/gcc-cross-m68k@11/11.2.0/lib/gcc/m68k-elf/11.2.0/m68000//libgcc.a(_fixunsdfsi.o)
 .comment       0x0000000000000012       0x13 /home/linuxbrew/.linuxbrew/Cellar/gcc-cross-m68k@11/11.2.0/lib/gcc/m68k-elf/11.2.0/m68000//libgcc.a(fpgnulib.o)

.debug_frame    0x0000000000000000      0x8d8
 .debug_frame   0x0000000000000000       0x50 kmain.o
 .debug_frame   0x0000000000000050       0x54 /home/sgoyette/Projects/rosco_m68k/code/software/libs/build/lib/librosco_m68k.a(kinit.o)
 .debug_frame   0x00000000000000a4      0x664 /home/sgoyette/Projects/rosco_m68k/code/software/libs/build/lib/librosco_m68k.a(printf.o)
 .debug_frame   0x0000000000000708       0x30 /home/sgoyette/Projects/rosco_m68k/code/software/libs/build/lib/librosco_m68k.a(putchar.o)
 .debug_frame   0x0000000000000738       0x5c /home/linuxbrew/.linuxbrew/Cellar/gcc-cross-m68k@11/11.2.0/lib/gcc/m68k-elf/11.2.0/m68000//libgcc.a(_fixunsdfsi.o)
 .debug_frame   0x0000000000000794      0x144 /home/linuxbrew/.linuxbrew/Cellar/gcc-cross-m68k@11/11.2.0/lib/gcc/m68k-elf/11.2.0/m68000//libgcc.a(fpgnulib.o)

.debug_line_str
                0x0000000000000000       0x34
 .debug_line_str
                0x0000000000000000       0x34 /home/linuxbrew/.linuxbrew/Cellar/gcc-cross-m68k@11/11.2.0/lib/gcc/m68k-elf/11.2.0/m68000//libgcc.a(_udivsi3.o)
                                         0x68 (size before relaxing)
 .debug_line_str
                0x0000000000000034       0x68 /home/linuxbrew/.linuxbrew/Cellar/gcc-cross-m68k@11/11.2.0/lib/gcc/m68k-elf/11.2.0/m68000//libgcc.a(_divsi3.o)
 .debug_line_str
                0x0000000000000034       0x68 /home/linuxbrew/.linuxbrew/Cellar/gcc-cross-m68k@11/11.2.0/lib/gcc/m68k-elf/11.2.0/m68000//libgcc.a(_umodsi3.o)
 .debug_line_str
                0x0000000000000034       0x68 /home/linuxbrew/.linuxbrew/Cellar/gcc-cross-m68k@11/11.2.0/lib/gcc/m68k-elf/11.2.0/m68000//libgcc.a(_modsi3.o)
 .debug_line_str
                0x0000000000000034       0x68 /home/linuxbrew/.linuxbrew/Cellar/gcc-cross-m68k@11/11.2.0/lib/gcc/m68k-elf/11.2.0/m68000//libgcc.a(_double.o)
 .debug_line_str
                0x0000000000000034       0x68 /home/linuxbrew/.linuxbrew/Cellar/gcc-cross-m68k@11/11.2.0/lib/gcc/m68k-elf/11.2.0/m68000//libgcc.a(_floatex.o)
 .debug_line_str
                0x0000000000000034       0x68 /home/linuxbrew/.linuxbrew/Cellar/gcc-cross-m68k@11/11.2.0/lib/gcc/m68k-elf/11.2.0/m68000//libgcc.a(_nedf2.o)
 .debug_line_str
                0x0000000000000034       0x68 /home/linuxbrew/.linuxbrew/Cellar/gcc-cross-m68k@11/11.2.0/lib/gcc/m68k-elf/11.2.0/m68000//libgcc.a(_gtdf2.o)
 .debug_line_str
                0x0000000000000034       0x68 /home/linuxbrew/.linuxbrew/Cellar/gcc-cross-m68k@11/11.2.0/lib/gcc/m68k-elf/11.2.0/m68000//libgcc.a(_ltdf2.o)
 .debug_line_str
                0x0000000000000034       0x68 /home/linuxbrew/.linuxbrew/Cellar/gcc-cross-m68k@11/11.2.0/lib/gcc/m68k-elf/11.2.0/m68000//libgcc.a(_ledf2.o)
 .debug_line_str
                0x0000000000000034       0x68 /home/linuxbrew/.linuxbrew/Cellar/gcc-cross-m68k@11/11.2.0/lib/gcc/m68k-elf/11.2.0/m68000//libgcc.a(_mulsi3.o)
 .debug_line_str
                0x0000000000000034       0x68 /home/linuxbrew/.linuxbrew/Cellar/gcc-cross-m68k@11/11.2.0/lib/gcc/m68k-elf/11.2.0/m68000//libgcc.a(_gedf2.o)
